#0 building with "colima-agenthon" instance using docker driver

#1 [internal] load build definition from Dockerfile
#1 transferring dockerfile: 263B done
#1 DONE 0.0s

#2 [internal] load metadata for docker.io/library/hotpaths-base:20261006
#2 DONE 0.0s

#3 [internal] load .dockerignore
#3 transferring context: 2B done
#3 DONE 0.0s

#4 [1/3] FROM docker.io/library/hotpaths-base:20261006@sha256:7097baadcc6b889cdc539aa8e2afbafbb5a1da7724428c93b6d334b4528a3767
#4 resolve docker.io/library/hotpaths-base:20261006@sha256:7097baadcc6b889cdc539aa8e2afbafbb5a1da7724428c93b6d334b4528a3767 0.0s done
#4 CACHED

#5 [internal] load build context
#5 transferring context: 4.98kB done
#5 DONE 0.0s

#6 [2/3] COPY experiments/level-quantity/apply_overlay.py /tmp/apply_quantity_overlay.py
#6 DONE 0.0s

#7 [3/3] RUN python /tmp/apply_quantity_overlay.py && rm /tmp/apply_quantity_overlay.py
#7 1.310 {"order_book.py": {"after_sha256": "963c76210bcc6f5f892e20b8b1bb4addc1be43043b09736ce4a27b23a30300a0", "before_sha256": "5f3fe1b0e4e6c9795f89fcab93b029e36ab4c2e3ea2f00987c0d7ced1413971a"}, "price_level.py": {"after_sha256": "aa49d97ded1adf295443b1ea6417031c3d3153c8eff6e719234affe00b0508ef", "before_sha256": "d448ccf12f49c8078994c6d1d2ca150bfed169dbfa393fcfd4d8bc7e4eb9c1b1"}}
#7 DONE 1.4s

#8 exporting to image
#8 exporting layers 0.1s done
#8 exporting manifest sha256:ffd2490ace4fc192e7d61c3e7667e8b8e8c1584dcf76211fe440618b99b4ae39 done
#8 exporting config sha256:acdd1efc28978ddf4f23026b32bd73c43f08dc2e62d6459105cfa66c17654cab done
#8 exporting attestation manifest sha256:6e9f281a2ecf9e6cc74e25c33d947c4c65534434a3d46962a30dd9f2eb10c191 0.0s done
#8 exporting manifest list sha256:a763a898fce586ff4deaf8f9e4e3a2df2aa142f7eed6bb54c92aa8f51b4ffff4 done
#8 naming to docker.io/library/hotpaths-level-quantity:20261006 done
#8 DONE 0.1s
